// Jest Snapshot v1, https://goo.gl/fbAQLP

exports[`Hero should match the snapshot 1`] = `
[
  <h1
    className="hero"
    role="heading"
  >
    <span
      className="vite smooth"
    >
      Vite
    </span>
     
    <span
      className="rails smooth"
    >
      Rails
    </span>
  </h1>,
  <h2>
     
  </h2>,
]
`;
